// Jest Snapshot v1, https://goo.gl/fbAQLP

exports[`New Question Page matches the snapshot 1`] = `
Object {
  "asFragment": [Function],
  "baseElement": <body>
    <div>
      <div
        class="MuiBox-root css-0"
      >
        <main
          class="MuiContainer-root MuiContainer-maxWidthXs css-nzinn5-MuiContainer-root"
        >
          <div
            class="MuiBox-root css-bur7ie"
          >
            <h1>
              Would You Rather
            </h1>
            <h5
              class="MuiTypography-root MuiTypography-h5 css-ag7rrr-MuiTypography-root"
            >
              Create Your Own Poll
            </h5>
            <form
              class="MuiBox-root css-164r41r"
              novalidate=""
            >
              <h5
                class="MuiTypography-root MuiTypography-h5 css-ph2xsj-MuiTypography-root"
              >
                First Option
              </h5>
              <div
                class="MuiFormControl-root MuiFormControl-marginNormal MuiFormControl-fullWidth MuiTextField-root css-17vbkzs-MuiFormControl-root-MuiTextField-root"
              >
                <label
                  class="MuiInputLabel-root MuiInputLabel-formControl MuiInputLabel-animated MuiInputLabel-outlined MuiFormLabel-root MuiFormLabel-colorPrimary Mui-required css-14s5rfu-MuiFormLabel-root-MuiInputLabel-root"
                  data-shrink="false"
                  for="optionOne"
                  id="optionOne-label"
                >
                  Option One
                  <span
                    aria-hidden="true"
                    class="MuiInputLabel-asterisk MuiFormLabel-asterisk css-wgai2y-MuiFormLabel-asterisk"
                  >
                     
                    *
                  </span>
                </label>
                <div
                  class="MuiOutlinedInput-root MuiInputBase-root MuiInputBase-colorPrimary MuiInputBase-fullWidth MuiInputBase-formControl MuiInputBase-multiline css-8ewcdo-MuiInputBase-root-MuiOutlinedInput-root"
                >
                  <textarea
                    aria-invalid="false"
                    class="MuiOutlinedInput-input MuiInputBase-input MuiInputBase-inputMultiline css-1sqnrkk-MuiInputBase-input-MuiOutlinedInput-input"
                    data-testid="option-one"
                    id="optionOne"
                    name="optionOne"
                    required=""
                    rows="4"
                    style="height: 0px; overflow: hidden;"
                  />
                  <textarea
                    aria-hidden="true"
                    class="MuiOutlinedInput-input MuiInputBase-input MuiInputBase-inputMultiline css-1sqnrkk-MuiInputBase-input-MuiOutlinedInput-input"
                    readonly=""
                    style="visibility: hidden; position: absolute; overflow: hidden; height: 0px; top: 0px; left: 0px; transform: translateZ(0); padding: 0px; width: 100%;"
                    tabindex="-1"
                  />
                  <fieldset
                    aria-hidden="true"
                    class="MuiOutlinedInput-notchedOutline css-1d3z3hw-MuiOutlinedInput-notchedOutline"
                  >
                    <legend
                      class="css-1ftyaf0"
                    >
                      <span>
                        Option One
                         
                        *
                      </span>
                    </legend>
                  </fieldset>
                </div>
              </div>
              <h5
                class="MuiTypography-root MuiTypography-h5 css-ph2xsj-MuiTypography-root"
              >
                Second Option
              </h5>
              <div
                class="MuiFormControl-root MuiFormControl-marginNormal MuiFormControl-fullWidth MuiTextField-root css-17vbkzs-MuiFormControl-root-MuiTextField-root"
              >
                <label
                  class="MuiInputLabel-root MuiInputLabel-formControl MuiInputLabel-animated MuiInputLabel-outlined MuiFormLabel-root MuiFormLabel-colorPrimary Mui-required css-14s5rfu-MuiFormLabel-root-MuiInputLabel-root"
                  data-shrink="false"
                  for="optionTwo"
                  id="optionTwo-label"
                >
                  Option Two
                  <span
                    aria-hidden="true"
                    class="MuiInputLabel-asterisk MuiFormLabel-asterisk css-wgai2y-MuiFormLabel-asterisk"
                  >
                     
                    *
                  </span>
                </label>
                <div
                  class="MuiOutlinedInput-root MuiInputBase-root MuiInputBase-colorPrimary MuiInputBase-fullWidth MuiInputBase-formControl MuiInputBase-multiline css-8ewcdo-MuiInputBase-root-MuiOutlinedInput-root"
                >
                  <textarea
                    aria-invalid="false"
                    class="MuiOutlinedInput-input MuiInputBase-input MuiInputBase-inputMultiline css-1sqnrkk-MuiInputBase-input-MuiOutlinedInput-input"
                    data-testid="option-two"
                    id="optionTwo"
                    name="optionTwo"
                    required=""
                    rows="4"
                    style="height: 0px; overflow: hidden;"
                  />
                  <textarea
                    aria-hidden="true"
                    class="MuiOutlinedInput-input MuiInputBase-input MuiInputBase-inputMultiline css-1sqnrkk-MuiInputBase-input-MuiOutlinedInput-input"
                    readonly=""
                    style="visibility: hidden; position: absolute; overflow: hidden; height: 0px; top: 0px; left: 0px; transform: translateZ(0); padding: 0px; width: 100%;"
                    tabindex="-1"
                  />
                  <fieldset
                    aria-hidden="true"
                    class="MuiOutlinedInput-notchedOutline css-1d3z3hw-MuiOutlinedInput-notchedOutline"
                  >
                    <legend
                      class="css-1ftyaf0"
                    >
                      <span>
                        Option Two
                         
                        *
                      </span>
                    </legend>
                  </fieldset>
                </div>
              </div>
              <button
                class="MuiButton-root MuiButton-contained MuiButton-containedPrimary MuiButton-sizeMedium MuiButton-containedSizeMedium MuiButton-fullWidth MuiButtonBase-root Mui-disabled  css-1vhaqj4-MuiButtonBase-root-MuiButton-root"
                data-testid="submit-button"
                disabled=""
                tabindex="-1"
                type="submit"
              >
                Submit
              </button>
            </form>
          </div>
          <p
            class="MuiTypography-root MuiTypography-body2 MuiTypography-alignCenter css-ijul54-MuiTypography-root"
          >
            Copyright © 
            <a
              class="MuiTypography-root MuiTypography-inherit MuiLink-root MuiLink-underlineAlways css-1cghntr-MuiTypography-root-MuiLink-root"
              href="#"
            >
              Employee Polls
            </a>
             
            2022
            .
          </p>
        </main>
      </div>
    </div>
  </body>,
  "container": <div>
    <div
      class="MuiBox-root css-0"
    >
      <main
        class="MuiContainer-root MuiContainer-maxWidthXs css-nzinn5-MuiContainer-root"
      >
        <div
          class="MuiBox-root css-bur7ie"
        >
          <h1>
            Would You Rather
          </h1>
          <h5
            class="MuiTypography-root MuiTypography-h5 css-ag7rrr-MuiTypography-root"
          >
            Create Your Own Poll
          </h5>
          <form
            class="MuiBox-root css-164r41r"
            novalidate=""
          >
            <h5
              class="MuiTypography-root MuiTypography-h5 css-ph2xsj-MuiTypography-root"
            >
              First Option
            </h5>
            <div
              class="MuiFormControl-root MuiFormControl-marginNormal MuiFormControl-fullWidth MuiTextField-root css-17vbkzs-MuiFormControl-root-MuiTextField-root"
            >
              <label
                class="MuiInputLabel-root MuiInputLabel-formControl MuiInputLabel-animated MuiInputLabel-outlined MuiFormLabel-root MuiFormLabel-colorPrimary Mui-required css-14s5rfu-MuiFormLabel-root-MuiInputLabel-root"
                data-shrink="false"
                for="optionOne"
                id="optionOne-label"
              >
                Option One
                <span
                  aria-hidden="true"
                  class="MuiInputLabel-asterisk MuiFormLabel-asterisk css-wgai2y-MuiFormLabel-asterisk"
                >
                   
                  *
                </span>
              </label>
              <div
                class="MuiOutlinedInput-root MuiInputBase-root MuiInputBase-colorPrimary MuiInputBase-fullWidth MuiInputBase-formControl MuiInputBase-multiline css-8ewcdo-MuiInputBase-root-MuiOutlinedInput-root"
              >
                <textarea
                  aria-invalid="false"
                  class="MuiOutlinedInput-input MuiInputBase-input MuiInputBase-inputMultiline css-1sqnrkk-MuiInputBase-input-MuiOutlinedInput-input"
                  data-testid="option-one"
                  id="optionOne"
                  name="optionOne"
                  required=""
                  rows="4"
                  style="height: 0px; overflow: hidden;"
                />
                <textarea
                  aria-hidden="true"
                  class="MuiOutlinedInput-input MuiInputBase-input MuiInputBase-inputMultiline css-1sqnrkk-MuiInputBase-input-MuiOutlinedInput-input"
                  readonly=""
                  style="visibility: hidden; position: absolute; overflow: hidden; height: 0px; top: 0px; left: 0px; transform: translateZ(0); padding: 0px; width: 100%;"
                  tabindex="-1"
                />
                <fieldset
                  aria-hidden="true"
                  class="MuiOutlinedInput-notchedOutline css-1d3z3hw-MuiOutlinedInput-notchedOutline"
                >
                  <legend
                    class="css-1ftyaf0"
                  >
                    <span>
                      Option One
                       
                      *
                    </span>
                  </legend>
                </fieldset>
              </div>
            </div>
            <h5
              class="MuiTypography-root MuiTypography-h5 css-ph2xsj-MuiTypography-root"
            >
              Second Option
            </h5>
            <div
              class="MuiFormControl-root MuiFormControl-marginNormal MuiFormControl-fullWidth MuiTextField-root css-17vbkzs-MuiFormControl-root-MuiTextField-root"
            >
              <label
                class="MuiInputLabel-root MuiInputLabel-formControl MuiInputLabel-animated MuiInputLabel-outlined MuiFormLabel-root MuiFormLabel-colorPrimary Mui-required css-14s5rfu-MuiFormLabel-root-MuiInputLabel-root"
                data-shrink="false"
                for="optionTwo"
                id="optionTwo-label"
              >
                Option Two
                <span
                  aria-hidden="true"
                  class="MuiInputLabel-asterisk MuiFormLabel-asterisk css-wgai2y-MuiFormLabel-asterisk"
                >
                   
                  *
                </span>
              </label>
              <div
                class="MuiOutlinedInput-root MuiInputBase-root MuiInputBase-colorPrimary MuiInputBase-fullWidth MuiInputBase-formControl MuiInputBase-multiline css-8ewcdo-MuiInputBase-root-MuiOutlinedInput-root"
              >
                <textarea
                  aria-invalid="false"
                  class="MuiOutlinedInput-input MuiInputBase-input MuiInputBase-inputMultiline css-1sqnrkk-MuiInputBase-input-MuiOutlinedInput-input"
                  data-testid="option-two"
                  id="optionTwo"
                  name="optionTwo"
                  required=""
                  rows="4"
                  style="height: 0px; overflow: hidden;"
                />
                <textarea
                  aria-hidden="true"
                  class="MuiOutlinedInput-input MuiInputBase-input MuiInputBase-inputMultiline css-1sqnrkk-MuiInputBase-input-MuiOutlinedInput-input"
                  readonly=""
                  style="visibility: hidden; position: absolute; overflow: hidden; height: 0px; top: 0px; left: 0px; transform: translateZ(0); padding: 0px; width: 100%;"
                  tabindex="-1"
                />
                <fieldset
                  aria-hidden="true"
                  class="MuiOutlinedInput-notchedOutline css-1d3z3hw-MuiOutlinedInput-notchedOutline"
                >
                  <legend
                    class="css-1ftyaf0"
                  >
                    <span>
                      Option Two
                       
                      *
                    </span>
                  </legend>
                </fieldset>
              </div>
            </div>
            <button
              class="MuiButton-root MuiButton-contained MuiButton-containedPrimary MuiButton-sizeMedium MuiButton-containedSizeMedium MuiButton-fullWidth MuiButtonBase-root Mui-disabled  css-1vhaqj4-MuiButtonBase-root-MuiButton-root"
              data-testid="submit-button"
              disabled=""
              tabindex="-1"
              type="submit"
            >
              Submit
            </button>
          </form>
        </div>
        <p
          class="MuiTypography-root MuiTypography-body2 MuiTypography-alignCenter css-ijul54-MuiTypography-root"
        >
          Copyright © 
          <a
            class="MuiTypography-root MuiTypography-inherit MuiLink-root MuiLink-underlineAlways css-1cghntr-MuiTypography-root-MuiLink-root"
            href="#"
          >
            Employee Polls
          </a>
           
          2022
          .
        </p>
      </main>
    </div>
  </div>,
  "debug": [Function],
  "findAllByAltText": [Function],
  "findAllByDisplayValue": [Function],
  "findAllByLabelText": [Function],
  "findAllByPlaceholderText": [Function],
  "findAllByRole": [Function],
  "findAllByTestId": [Function],
  "findAllByText": [Function],
  "findAllByTitle": [Function],
  "findByAltText": [Function],
  "findByDisplayValue": [Function],
  "findByLabelText": [Function],
  "findByPlaceholderText": [Function],
  "findByRole": [Function],
  "findByTestId": [Function],
  "findByText": [Function],
  "findByTitle": [Function],
  "getAllByAltText": [Function],
  "getAllByDisplayValue": [Function],
  "getAllByLabelText": [Function],
  "getAllByPlaceholderText": [Function],
  "getAllByRole": [Function],
  "getAllByTestId": [Function],
  "getAllByText": [Function],
  "getAllByTitle": [Function],
  "getByAltText": [Function],
  "getByDisplayValue": [Function],
  "getByLabelText": [Function],
  "getByPlaceholderText": [Function],
  "getByRole": [Function],
  "getByTestId": [Function],
  "getByText": [Function],
  "getByTitle": [Function],
  "queryAllByAltText": [Function],
  "queryAllByDisplayValue": [Function],
  "queryAllByLabelText": [Function],
  "queryAllByPlaceholderText": [Function],
  "queryAllByRole": [Function],
  "queryAllByTestId": [Function],
  "queryAllByText": [Function],
  "queryAllByTitle": [Function],
  "queryByAltText": [Function],
  "queryByDisplayValue": [Function],
  "queryByLabelText": [Function],
  "queryByPlaceholderText": [Function],
  "queryByRole": [Function],
  "queryByTestId": [Function],
  "queryByText": [Function],
  "queryByTitle": [Function],
  "rerender": [Function],
  "unmount": [Function],
}
`;
